// Jest Snapshot v1, https://goo.gl/fbAQLP

exports[`Header Component should match the snapshot 1`] = `
ShallowWrapper {
  Symbol(enzyme.__root__): [Circular],
  Symbol(enzyme.__unrendered__): <Header
    signOutUser={[MockFunction]}
    user={
      Object {
        "email": "Louisa@turing.io",
        "id": 1806,
        "name": "Louisa",
        "password": "oooooooooooookay",
      }
    }
  />,
  Symbol(enzyme.__renderer__): Object {
    "batchedUpdates": [Function],
    "getNode": [Function],
    "render": [Function],
    "simulateError": [Function],
    "simulateEvent": [Function],
    "unmount": [Function],
  },
  Symbol(enzyme.__node__): Object {
    "instance": null,
    "key": undefined,
    "nodeType": "host",
    "props": Object {
      "children": Array [
        <span>
          <NavLink
            activeClassName="active"
            aria-current="page"
            to="/"
          >
            <i
              className="fas fa-sign-out-alt"
              onClick={[Function]}
            />
          </NavLink>
        </span>,
        <span
          className="app-title"
        >
          <span
            className="sparkle"
          >
            MovieTracker
          </span>
        </span>,
      ],
      "className": "header",
    },
    "ref": null,
    "rendered": Array [
      Object {
        "instance": null,
        "key": undefined,
        "nodeType": "host",
        "props": Object {
          "children": <NavLink
            activeClassName="active"
            aria-current="page"
            to="/"
          >
            <i
              className="fas fa-sign-out-alt"
              onClick={[Function]}
            />
          </NavLink>,
        },
        "ref": null,
        "rendered": Object {
          "instance": null,
          "key": undefined,
          "nodeType": "function",
          "props": Object {
            "activeClassName": "active",
            "aria-current": "page",
            "children": <i
              className="fas fa-sign-out-alt"
              onClick={[Function]}
            />,
            "to": "/",
          },
          "ref": null,
          "rendered": Object {
            "instance": null,
            "key": undefined,
            "nodeType": "host",
            "props": Object {
              "className": "fas fa-sign-out-alt",
              "onClick": [Function],
            },
            "ref": null,
            "rendered": null,
            "type": "i",
          },
          "type": [Function],
        },
        "type": "span",
      },
      Object {
        "instance": null,
        "key": undefined,
        "nodeType": "host",
        "props": Object {
          "children": <span
            className="sparkle"
          >
            MovieTracker
          </span>,
          "className": "app-title",
        },
        "ref": null,
        "rendered": Object {
          "instance": null,
          "key": undefined,
          "nodeType": "host",
          "props": Object {
            "children": "MovieTracker",
            "className": "sparkle",
          },
          "ref": null,
          "rendered": "MovieTracker",
          "type": "span",
        },
        "type": "span",
      },
    ],
    "type": "div",
  },
  Symbol(enzyme.__nodes__): Array [
    Object {
      "instance": null,
      "key": undefined,
      "nodeType": "host",
      "props": Object {
        "children": Array [
          <span>
            <NavLink
              activeClassName="active"
              aria-current="page"
              to="/"
            >
              <i
                className="fas fa-sign-out-alt"
                onClick={[Function]}
              />
            </NavLink>
          </span>,
          <span
            className="app-title"
          >
            <span
              className="sparkle"
            >
              MovieTracker
            </span>
          </span>,
        ],
        "className": "header",
      },
      "ref": null,
      "rendered": Array [
        Object {
          "instance": null,
          "key": undefined,
          "nodeType": "host",
          "props": Object {
            "children": <NavLink
              activeClassName="active"
              aria-current="page"
              to="/"
            >
              <i
                className="fas fa-sign-out-alt"
                onClick={[Function]}
              />
            </NavLink>,
          },
          "ref": null,
          "rendered": Object {
            "instance": null,
            "key": undefined,
            "nodeType": "function",
            "props": Object {
              "activeClassName": "active",
              "aria-current": "page",
              "children": <i
                className="fas fa-sign-out-alt"
                onClick={[Function]}
              />,
              "to": "/",
            },
            "ref": null,
            "rendered": Object {
              "instance": null,
              "key": undefined,
              "nodeType": "host",
              "props": Object {
                "className": "fas fa-sign-out-alt",
                "onClick": [Function],
              },
              "ref": null,
              "rendered": null,
              "type": "i",
            },
            "type": [Function],
          },
          "type": "span",
        },
        Object {
          "instance": null,
          "key": undefined,
          "nodeType": "host",
          "props": Object {
            "children": <span
              className="sparkle"
            >
              MovieTracker
            </span>,
            "className": "app-title",
          },
          "ref": null,
          "rendered": Object {
            "instance": null,
            "key": undefined,
            "nodeType": "host",
            "props": Object {
              "children": "MovieTracker",
              "className": "sparkle",
            },
            "ref": null,
            "rendered": "MovieTracker",
            "type": "span",
          },
          "type": "span",
        },
      ],
      "type": "div",
    },
  ],
  Symbol(enzyme.__options__): Object {
    "adapter": ReactSixteenAdapter {
      "options": Object {
        "enableComponentDidUpdateOnSetState": true,
        "lifecycles": Object {
          "componentDidUpdate": Object {
            "onSetState": true,
          },
          "getDerivedStateFromProps": true,
          "getSnapshotBeforeUpdate": true,
          "setState": Object {
            "skipsComponentDidUpdateOnNullish": true,
          },
        },
      },
    },
  },
}
`;
