// Jest Snapshot v1, https://goo.gl/fbAQLP

exports[`NewUserForm should match the snapshot 1`] = `
ShallowWrapper {
  Symbol(enzyme.__root__): [Circular],
  Symbol(enzyme.__unrendered__): <NewUserForm />,
  Symbol(enzyme.__renderer__): Object {
    "batchedUpdates": [Function],
    "getNode": [Function],
    "render": [Function],
    "simulateError": [Function],
    "simulateEvent": [Function],
    "unmount": [Function],
  },
  Symbol(enzyme.__node__): Object {
    "instance": null,
    "key": undefined,
    "nodeType": "host",
    "props": Object {
      "children": <form
        className="new-user-form"
        onSubmit={[Function]}
      >
        <input
          className="form-input user-name-input"
          name="name"
          onChange={[Function]}
          placeholder="Enter Full Name"
          required={true}
          value=""
        />
        <input
          className="form-input user-email-input"
          id="Email"
          name="email"
          onChange={[Function]}
          placeholder="Enter Email Address"
          required={true}
          value=""
        />
        <input
          className="form-input user-password-input"
          name="password"
          onChange={[Function]}
          placeholder="Enter Password"
          type="password"
          value=""
        />
        <button
          className="signup-button"
        >
          Sign Up!
        </button>
      </form>,
      "className": "form-wrapper",
    },
    "ref": null,
    "rendered": Object {
      "instance": null,
      "key": undefined,
      "nodeType": "host",
      "props": Object {
        "children": Array [
          <input
            className="form-input user-name-input"
            name="name"
            onChange={[Function]}
            placeholder="Enter Full Name"
            required={true}
            value=""
          />,
          null,
          <input
            className="form-input user-email-input"
            id="Email"
            name="email"
            onChange={[Function]}
            placeholder="Enter Email Address"
            required={true}
            value=""
          />,
          <input
            className="form-input user-password-input"
            name="password"
            onChange={[Function]}
            placeholder="Enter Password"
            type="password"
            value=""
          />,
          <button
            className="signup-button"
          >
            Sign Up!
          </button>,
        ],
        "className": "new-user-form",
        "onSubmit": [Function],
      },
      "ref": null,
      "rendered": Array [
        Object {
          "instance": null,
          "key": undefined,
          "nodeType": "host",
          "props": Object {
            "className": "form-input user-name-input",
            "name": "name",
            "onChange": [Function],
            "placeholder": "Enter Full Name",
            "required": true,
            "value": "",
          },
          "ref": null,
          "rendered": null,
          "type": "input",
        },
        null,
        Object {
          "instance": null,
          "key": undefined,
          "nodeType": "host",
          "props": Object {
            "className": "form-input user-email-input",
            "id": "Email",
            "name": "email",
            "onChange": [Function],
            "placeholder": "Enter Email Address",
            "required": true,
            "value": "",
          },
          "ref": null,
          "rendered": null,
          "type": "input",
        },
        Object {
          "instance": null,
          "key": undefined,
          "nodeType": "host",
          "props": Object {
            "className": "form-input user-password-input",
            "name": "password",
            "onChange": [Function],
            "placeholder": "Enter Password",
            "type": "password",
            "value": "",
          },
          "ref": null,
          "rendered": null,
          "type": "input",
        },
        Object {
          "instance": null,
          "key": undefined,
          "nodeType": "host",
          "props": Object {
            "children": "Sign Up!",
            "className": "signup-button",
          },
          "ref": null,
          "rendered": "Sign Up!",
          "type": "button",
        },
      ],
      "type": "form",
    },
    "type": "div",
  },
  Symbol(enzyme.__nodes__): Array [
    Object {
      "instance": null,
      "key": undefined,
      "nodeType": "host",
      "props": Object {
        "children": <form
          className="new-user-form"
          onSubmit={[Function]}
        >
          <input
            className="form-input user-name-input"
            name="name"
            onChange={[Function]}
            placeholder="Enter Full Name"
            required={true}
            value=""
          />
          <input
            className="form-input user-email-input"
            id="Email"
            name="email"
            onChange={[Function]}
            placeholder="Enter Email Address"
            required={true}
            value=""
          />
          <input
            className="form-input user-password-input"
            name="password"
            onChange={[Function]}
            placeholder="Enter Password"
            type="password"
            value=""
          />
          <button
            className="signup-button"
          >
            Sign Up!
          </button>
        </form>,
        "className": "form-wrapper",
      },
      "ref": null,
      "rendered": Object {
        "instance": null,
        "key": undefined,
        "nodeType": "host",
        "props": Object {
          "children": Array [
            <input
              className="form-input user-name-input"
              name="name"
              onChange={[Function]}
              placeholder="Enter Full Name"
              required={true}
              value=""
            />,
            null,
            <input
              className="form-input user-email-input"
              id="Email"
              name="email"
              onChange={[Function]}
              placeholder="Enter Email Address"
              required={true}
              value=""
            />,
            <input
              className="form-input user-password-input"
              name="password"
              onChange={[Function]}
              placeholder="Enter Password"
              type="password"
              value=""
            />,
            <button
              className="signup-button"
            >
              Sign Up!
            </button>,
          ],
          "className": "new-user-form",
          "onSubmit": [Function],
        },
        "ref": null,
        "rendered": Array [
          Object {
            "instance": null,
            "key": undefined,
            "nodeType": "host",
            "props": Object {
              "className": "form-input user-name-input",
              "name": "name",
              "onChange": [Function],
              "placeholder": "Enter Full Name",
              "required": true,
              "value": "",
            },
            "ref": null,
            "rendered": null,
            "type": "input",
          },
          null,
          Object {
            "instance": null,
            "key": undefined,
            "nodeType": "host",
            "props": Object {
              "className": "form-input user-email-input",
              "id": "Email",
              "name": "email",
              "onChange": [Function],
              "placeholder": "Enter Email Address",
              "required": true,
              "value": "",
            },
            "ref": null,
            "rendered": null,
            "type": "input",
          },
          Object {
            "instance": null,
            "key": undefined,
            "nodeType": "host",
            "props": Object {
              "className": "form-input user-password-input",
              "name": "password",
              "onChange": [Function],
              "placeholder": "Enter Password",
              "type": "password",
              "value": "",
            },
            "ref": null,
            "rendered": null,
            "type": "input",
          },
          Object {
            "instance": null,
            "key": undefined,
            "nodeType": "host",
            "props": Object {
              "children": "Sign Up!",
              "className": "signup-button",
            },
            "ref": null,
            "rendered": "Sign Up!",
            "type": "button",
          },
        ],
        "type": "form",
      },
      "type": "div",
    },
  ],
  Symbol(enzyme.__options__): Object {
    "adapter": ReactSixteenAdapter {
      "options": Object {
        "enableComponentDidUpdateOnSetState": true,
        "lifecycles": Object {
          "componentDidUpdate": Object {
            "onSetState": true,
          },
          "getDerivedStateFromProps": true,
          "getSnapshotBeforeUpdate": true,
          "setState": Object {
            "skipsComponentDidUpdateOnNullish": true,
          },
        },
      },
    },
  },
}
`;
